Component: ARM Compiler 5.06 update 4 (build 422) Tool: armlink [4d35d2]

==============================================================================

Section Cross References

    startup_stm32f2xx.o(RESET) refers to startup_stm32f2xx.o(STACK) for __initial_sp
    startup_stm32f2xx.o(RESET) refers to startup_stm32f2xx.o(.text) for Reset_Handler
    startup_stm32f2xx.o(RESET) refers to stm32f2xx_it.o(.text) for NMI_Handler
    startup_stm32f2xx.o(RESET) refers to port.o(.emb_text) for SVC_Handler
    startup_stm32f2xx.o(RESET) refers to port.o(.text) for SysTick_Handler
    startup_stm32f2xx.o(RESET) refers to ext_int_driver.o(.text) for EXTI15_10_IRQHandler
    startup_stm32f2xx.o(RESET) refers to stm32f2x7_eth.o(.text) for ETH_IRQHandler
    startup_stm32f2xx.o(.text) refers to system_stm32f2xx.o(.text) for SystemInit
    startup_stm32f2xx.o(.text) refers to __main.o(!!!main) for __main
    system_stm32f2xx.o(.text) refers to system_stm32f2xx.o(.data) for SystemCoreClock
    retarget.o(.text) refers (Special) to use_no_semi.o(.text) for __use_no_semihosting_swi
    retarget.o(.text) refers to debug.o(.text) for fputc
    retarget.o(.text) refers to retarget.o(.data) for __stdout
    retarget.o(.data) refers (Special) to use_no_semi.o(.text) for __use_no_semihosting_swi
    main.o(.text) refers to _printf_pad.o(.text) for _printf_pre_padding
    main.o(.text) refers to _printf_percent.o(.ARM.Collect$$_printf_percent$$00000000) for _printf_percent
    main.o(.text) refers to _printf_s.o(.ARM.Collect$$_printf_percent$$00000014) for _printf_s
    main.o(.text) refers to _printf_str.o(.text) for _printf_str
    main.o(.text) refers to _printf_d.o(.ARM.Collect$$_printf_percent$$00000009) for _printf_d
    main.o(.text) refers to _printf_dec.o(.text) for _printf_int_dec
    main.o(.text) refers to _printf_u.o(.ARM.Collect$$_printf_percent$$0000000A) for _printf_u
    main.o(.text) refers to stm322xg_eval_lcd.o(.text) for LCD_DisplayChar
    main.o(.text) refers to stm32f2xx_rcc.o(.text) for RCC_AHB1PeriphClockCmd
    main.o(.text) refers to stm32f2xx_gpio.o(.text) for GPIO_Init
    main.o(.text) refers to stm32f2xx_adc.o(.text) for ADC_CommonInit
    main.o(.text) refers to __2printf.o(.text) for __2printf
    main.o(.text) refers to ipv4.o(.text) for ipv4GetHostAddr
    main.o(.text) refers to ipv6.o(.text) for ipv6GetLinkLocalAddr
    main.o(.text) refers to stm322xg_eval_ioe.o(.text) for IOE_JoyStickGetState
    main.o(.text) refers to lis302dl.o(.text) for lis302dlGetAcc
    main.o(.text) refers to os_port_freertos.o(.text) for osDelayTask
    main.o(.text) refers to stm322xg_eval.o(.text) for STM_EVAL_LEDOn
    main.o(.text) refers to strcasecmp.o(.text) for strcasecmp
    main.o(.text) refers to __2sprintf.o(.text) for __2sprintf
    main.o(.text) refers to mime.o(.text) for mimeGetType
    main.o(.text) refers to http_server.o(.text) for httpWriteHeader
    main.o(.text) refers to rt_memclr_w.o(.text) for __aeabi_memclr4
    main.o(.text) refers to http_server_misc.o(.text) for httpDecodePercentEncodedString
    main.o(.text) refers to strchr.o(.text) for strchr
    main.o(.text) refers to str.o(.text) for strTrimWhitespace
    main.o(.text) refers to atoi.o(.text) for atoi
    main.o(.text) refers to main.o(.data) for lcdLine
    main.o(.text) refers to net.o(.bss) for netInterface
    main.o(.text) refers to yarrow.o(.constdata) for yarrowPrngAlgo
    main.o(.text) refers to main.o(.bss) for yarrowContext
    main.o(.text) refers to strtok_r.o(.text) for strtok_r
    main.o(.text) refers to smtp_client.o(.text) for smtpSendMail
    main.o(.text) refers to strcpy.o(.text) for strcpy
    main.o(.text) refers to date_time.o(.text) for formatSystemTime
    main.o(.text) refers to net.o(.text) for netGetMacAddr
    main.o(.text) refers to ethernet.o(.text) for macAddrToString
    main.o(.text) refers to strlen.o(.text) for strlen
    main.o(.text) refers to path.o(.text) for pathMatch
    main.o(.text) refers to strcmpv7m.o(.text) for strcmp
    main.o(.text) refers to http_server_auth.o(.text) for httpCheckPassword
    main.o(.text) refers to debug.o(.text) for debugInit
    main.o(.text) refers to __2fprintf.o(.text) for __2fprintf
    main.o(.text) refers to stm32f2xx_rng.o(.text) for RNG_Cmd
    main.o(.text) refers to yarrow.o(.text) for yarrowInit
    main.o(.text) refers to dhcp_client.o(.text) for dhcpClientGetDefaultSettings
    main.o(.text) refers to slaac.o(.text) for slaacGetDefaultSettings
    main.o(.text) refers to retarget.o(.data) for __stderr
    main.o(.text) refers to stm322xg_eval_lcd.o(.data) for Font16x24
    main.o(.text) refers to stm32f2x7_eth.o(.constdata) for stm32f2x7EthDriver
    main.o(.text) refers to dp83848.o(.constdata) for dp83848PhyDriver
    main.o(.text) refers to ext_int_driver.o(.constdata) for extIntDriver
    debug.o(.text) refers to _printf_percent.o(.ARM.Collect$$_printf_percent$$00000000) for _printf_percent
[...]
    RCC_WaitForHSEStartUp                    0x0802a1a3   Thumb Code    56  stm32f2xx_rcc.o(.text)
    RCC_AdjustHSICalibrationValue            0x0802a1db   Thumb Code    20  stm32f2xx_rcc.o(.text)
    RCC_HSICmd                               0x0802a1ef   Thumb Code     6  stm32f2xx_rcc.o(.text)
    RCC_LSEConfig                            0x0802a1f5   Thumb Code    46  stm32f2xx_rcc.o(.text)
    RCC_LSICmd                               0x0802a223   Thumb Code     6  stm32f2xx_rcc.o(.text)
    RCC_PLLConfig                            0x0802a229   Thumb Code    32  stm32f2xx_rcc.o(.text)
    RCC_PLLCmd                               0x0802a249   Thumb Code     6  stm32f2xx_rcc.o(.text)
    RCC_PLLI2SConfig                         0x0802a24f   Thumb Code    14  stm32f2xx_rcc.o(.text)
    RCC_PLLI2SCmd                            0x0802a25d   Thumb Code     6  stm32f2xx_rcc.o(.text)
    RCC_ClockSecuritySystemCmd               0x0802a263   Thumb Code     6  stm32f2xx_rcc.o(.text)
    RCC_MCO1Config                           0x0802a269   Thumb Code    28  stm32f2xx_rcc.o(.text)
    RCC_MCO2Config                           0x0802a285   Thumb Code    28  stm32f2xx_rcc.o(.text)
    RCC_SYSCLKConfig                         0x0802a2a1   Thumb Code    20  stm32f2xx_rcc.o(.text)
    RCC_GetSYSCLKSource                      0x0802a2b5   Thumb Code    12  stm32f2xx_rcc.o(.text)
    RCC_HCLKConfig                           0x0802a2c1   Thumb Code    20  stm32f2xx_rcc.o(.text)
    RCC_PCLK1Config                          0x0802a2d5   Thumb Code    20  stm32f2xx_rcc.o(.text)
    RCC_PCLK2Config                          0x0802a2e9   Thumb Code    22  stm32f2xx_rcc.o(.text)
    RCC_GetClocksFreq                        0x0802a2ff   Thumb Code   222  stm32f2xx_rcc.o(.text)
    RCC_RTCCLKConfig                         0x0802a3dd   Thumb Code    54  stm32f2xx_rcc.o(.text)
    RCC_RTCCLKCmd                            0x0802a413   Thumb Code     8  stm32f2xx_rcc.o(.text)
    RCC_BackupResetCmd                       0x0802a41b   Thumb Code     8  stm32f2xx_rcc.o(.text)
    RCC_I2SCLKConfig                         0x0802a423   Thumb Code     6  stm32f2xx_rcc.o(.text)
    RCC_AHB1PeriphClockCmd                   0x0802a429   Thumb Code    34  stm32f2xx_rcc.o(.text)
    RCC_AHB2PeriphClockCmd                   0x0802a44b   Thumb Code    34  stm32f2xx_rcc.o(.text)
    RCC_AHB3PeriphClockCmd                   0x0802a46d   Thumb Code    34  stm32f2xx_rcc.o(.text)
    RCC_APB1PeriphClockCmd                   0x0802a48f   Thumb Code    34  stm32f2xx_rcc.o(.text)
    RCC_APB2PeriphClockCmd                   0x0802a4b1   Thumb Code    34  stm32f2xx_rcc.o(.text)
    RCC_AHB1PeriphResetCmd                   0x0802a4d3   Thumb Code    34  stm32f2xx_rcc.o(.text)
    RCC_AHB2PeriphResetCmd                   0x0802a4f5   Thumb Code    72  stm32f2xx_rcc.o(.text)
    RCC_AHB3PeriphResetCmd                   0x0802a53d   Thumb Code    34  stm32f2xx_rcc.o(.text)
    RCC_APB1PeriphResetCmd                   0x0802a55f   Thumb Code    34  stm32f2xx_rcc.o(.text)
    RCC_APB2PeriphResetCmd                   0x0802a581   Thumb Code    34  stm32f2xx_rcc.o(.text)
    RCC_AHB1PeriphClockLPModeCmd             0x0802a5a3   Thumb Code    34  stm32f2xx_rcc.o(.text)
    RCC_AHB2PeriphClockLPModeCmd             0x0802a5c5   Thumb Code    34  stm32f2xx_rcc.o(.text)
    RCC_AHB3PeriphClockLPModeCmd             0x0802a5e7   Thumb Code    34  stm32f2xx_rcc.o(.text)
    RCC_APB1PeriphClockLPModeCmd             0x0802a609   Thumb Code    34  stm32f2xx_rcc.o(.text)
    RCC_APB2PeriphClockLPModeCmd             0x0802a62b   Thumb Code    34  stm32f2xx_rcc.o(.text)
    RCC_ITConfig                             0x0802a64d   Thumb Code    34  stm32f2xx_rcc.o(.text)
    RCC_ClearFlag                            0x0802a66f   Thumb Code    18  stm32f2xx_rcc.o(.text)
    RCC_GetITStatus                          0x0802a681   Thumb Code    22  stm32f2xx_rcc.o(.text)
    RCC_ClearITPendingBit                    0x0802a697   Thumb Code     8  stm32f2xx_rcc.o(.text)
    RNG_DeInit                               0x0802a6a5   Thumb Code    20  stm32f2xx_rng.o(.text)
    RNG_Cmd                                  0x0802a6b9   Thumb Code    30  stm32f2xx_rng.o(.text)
    RNG_GetRandomNumber                      0x0802a6d7   Thumb Code     8  stm32f2xx_rng.o(.text)
    RNG_ITConfig                             0x0802a6df   Thumb Code    30  stm32f2xx_rng.o(.text)
    RNG_GetFlagStatus                        0x0802a6fd   Thumb Code    22  stm32f2xx_rng.o(.text)
    RNG_ClearFlag                            0x0802a713   Thumb Code    12  stm32f2xx_rng.o(.text)
    RNG_GetITStatus                          0x0802a71f   Thumb Code    22  stm32f2xx_rng.o(.text)
    RNG_ClearITPendingBit                    0x0802a735   Thumb Code    12  stm32f2xx_rng.o(.text)
    SDIO_DeInit                              0x0802a745   Thumb Code    22  stm32f2xx_sdio.o(.text)
    SDIO_Init                                0x0802a75b   Thumb Code    42  stm32f2xx_sdio.o(.text)
    SDIO_StructInit                          0x0802a785   Thumb Code    16  stm32f2xx_sdio.o(.text)
    SDIO_ClockCmd                            0x0802a795   Thumb Code     6  stm32f2xx_sdio.o(.text)
    SDIO_SetPowerState                       0x0802a79b   Thumb Code     8  stm32f2xx_sdio.o(.text)
    SDIO_GetPowerState                       0x0802a7a3   Thumb Code    12  stm32f2xx_sdio.o(.text)
    SDIO_SendCommand                         0x0802a7af   Thumb Code    42  stm32f2xx_sdio.o(.text)
    SDIO_CmdStructInit                       0x0802a7d9   Thumb Code    14  stm32f2xx_sdio.o(.text)
    SDIO_GetCommandResponse                  0x0802a7e7   Thumb Code    10  stm32f2xx_sdio.o(.text)
    SDIO_GetResponse                         0x0802a7f1   Thumb Code    22  stm32f2xx_sdio.o(.text)
    SDIO_DataConfig                          0x0802a807   Thumb Code    48  stm32f2xx_sdio.o(.text)
    SDIO_DataStructInit                      0x0802a837   Thumb Code    20  stm32f2xx_sdio.o(.text)
    SDIO_GetDataCounter                      0x0802a84b   Thumb Code     8  stm32f2xx_sdio.o(.text)
    SDIO_ReadData                            0x0802a853   Thumb Code     8  stm32f2xx_sdio.o(.text)
    SDIO_WriteData                           0x0802a85b   Thumb Code     8  stm32f2xx_sdio.o(.text)
    SDIO_GetFIFOCount                        0x0802a863   Thumb Code     8  stm32f2xx_sdio.o(.text)
    SDIO_StartSDIOReadWait                   0x0802a86b   Thumb Code     6  stm32f2xx_sdio.o(.text)
    SDIO_StopSDIOReadWait                    0x0802a871   Thumb Code     8  stm32f2xx_sdio.o(.text)
    SDIO_SetSDIOReadWaitMode                 0x0802a879   Thumb Code     8  stm32f2xx_sdio.o(.text)
    SDIO_SetSDIOOperation                    0x0802a881   Thumb Code     8  stm32f2xx_sdio.o(.text)
    SDIO_SendSDIOSuspendCmd                  0x0802a889   Thumb Code     6  stm32f2xx_sdio.o(.text)
    SDIO_CommandCompletionCmd                0x0802a88f   Thumb Code     8  stm32f2xx_sdio.o(.text)
    SDIO_CEATAITCmd                          0x0802a897   Thumb Code    12  stm32f2xx_sdio.o(.text)
    SDIO_SendCEATACmd                        0x0802a8a3   Thumb Code     8  stm32f2xx_sdio.o(.text)
    SDIO_DMACmd                              0x0802a8ab   Thumb Code     8  stm32f2xx_sdio.o(.text)
    SDIO_ITConfig                            0x0802a8b3   Thumb Code    34  stm32f2xx_sdio.o(.text)
    SDIO_GetFlagStatus                       0x0802a8d5   Thumb Code    22  stm32f2xx_sdio.o(.text)
    SDIO_ClearFlag                           0x0802a8eb   Thumb Code     8  stm32f2xx_sdio.o(.text)
    SDIO_GetITStatus                         0x0802a8f3   Thumb Code    22  stm32f2xx_sdio.o(.text)
    SDIO_ClearITPendingBit                   0x0802a909   Thumb Code     8  stm32f2xx_sdio.o(.text)
    SYSCFG_DeInit                            0x0802a921   Thumb Code    22  stm32f2xx_syscfg.o(.text)
    SYSCFG_MemoryRemapConfig                 0x0802a937   Thumb Code     6  stm32f2xx_syscfg.o(.text)
    SYSCFG_EXTILineConfig                    0x0802a93d   Thumb Code    66  stm32f2xx_syscfg.o(.text)
    SYSCFG_ETH_MediaInterfaceConfig          0x0802a97f   Thumb Code     6  stm32f2xx_syscfg.o(.text)
    SYSCFG_CompensationCellCmd               0x0802a985   Thumb Code     6  stm32f2xx_syscfg.o(.text)
    SYSCFG_GetCompensationCellStatus         0x0802a98b   Thumb Code    22  stm32f2xx_syscfg.o(.text)
    USART_DeInit                             0x0802a9ad   Thumb Code   156  stm32f2xx_usart.o(.text)
    USART_Init                               0x0802aa49   Thumb Code   204  stm32f2xx_usart.o(.text)
    USART_StructInit                         0x0802ab15   Thumb Code    24  stm32f2xx_usart.o(.text)
    USART_ClockInit                          0x0802ab2d   Thumb Code    32  stm32f2xx_usart.o(.text)
    USART_ClockStructInit                    0x0802ab4d   Thumb Code    12  stm32f2xx_usart.o(.text)
    USART_Cmd                                0x0802ab59   Thumb Code    24  stm32f2xx_usart.o(.text)
    USART_SetPrescaler                       0x0802ab71   Thumb Code    16  stm32f2xx_usart.o(.text)
    USART_OverSampling8Cmd                   0x0802ab81   Thumb Code    22  stm32f2xx_usart.o(.text)
    USART_OneBitMethodCmd                    0x0802ab97   Thumb Code    24  stm32f2xx_usart.o(.text)
    USART_SendData                           0x0802abaf   Thumb Code     8  stm32f2xx_usart.o(.text)
    USART_ReceiveData                        0x0802abb7   Thumb Code    10  stm32f2xx_usart.o(.text)
    USART_SetAddress                         0x0802abc1   Thumb Code    18  stm32f2xx_usart.o(.text)
    USART_ReceiverWakeUpCmd                  0x0802abd3   Thumb Code    24  stm32f2xx_usart.o(.text)
    USART_WakeUpConfig                       0x0802abeb   Thumb Code    18  stm32f2xx_usart.o(.text)
    USART_LINBreakDetectLengthConfig         0x0802abfd   Thumb Code    18  stm32f2xx_usart.o(.text)
    USART_LINCmd                             0x0802ac0f   Thumb Code    24  stm32f2xx_usart.o(.text)
    USART_SendBreak                          0x0802ac27   Thumb Code    10  stm32f2xx_usart.o(.text)
    USART_HalfDuplexCmd                      0x0802ac31   Thumb Code    24  stm32f2xx_usart.o(.text)
    USART_SetGuardTime                       0x0802ac49   Thumb Code    16  stm32f2xx_usart.o(.text)
    USART_SmartCardCmd                       0x0802ac59   Thumb Code    24  stm32f2xx_usart.o(.text)
    USART_SmartCardNACKCmd                   0x0802ac71   Thumb Code    24  stm32f2xx_usart.o(.text)
    USART_IrDAConfig                         0x0802ac89   Thumb Code    18  stm32f2xx_usart.o(.text)
    USART_IrDACmd                            0x0802ac9b   Thumb Code    24  stm32f2xx_usart.o(.text)
    USART_DMACmd                             0x0802acb3   Thumb Code    18  stm32f2xx_usart.o(.text)
    USART_ITConfig                           0x0802acc5   Thumb Code    74  stm32f2xx_usart.o(.text)
    USART_GetFlagStatus                      0x0802ad0f   Thumb Code    26  stm32f2xx_usart.o(.text)
    USART_ClearFlag                          0x0802ad29   Thumb Code    18  stm32f2xx_usart.o(.text)
    USART_GetITStatus                        0x0802ad3b   Thumb Code   110  stm32f2xx_usart.o(.text)
    USART_ClearITPendingBit                  0x0802ada9   Thumb Code    30  stm32f2xx_usart.o(.text)
    __I$use$semihosting                      0x0802adc7   Thumb Code     0  use_no_semi.o(.text)
    __use_no_semihosting_swi                 0x0802adc7   Thumb Code     2  use_no_semi.o(.text)
    __rt_ctype_table                         0x0802adc9   Thumb Code    16  rt_ctype_table.o(.text)
    malloc                                   0x0802add9   Thumb Code    94  h1_alloc.o(.text)
    free                                     0x0802ae37   Thumb Code    78  h1_free.o(.text)
    tolower                                  0x0802ae85   Thumb Code    26  tolower.o(.text)
    toupper                                  0x0802ae9f   Thumb Code    30  toupper.o(.text)
    __2printf                                0x0802aebd   Thumb Code    20  __2printf.o(.text)
    __2fprintf                               0x0802aed5   Thumb Code    20  __2fprintf.o(.text)
    __2sprintf                               0x0802aee9   Thumb Code    38  __2sprintf.o(.text)
    _printf_pre_padding                      0x0802af15   Thumb Code    44  _printf_pad.o(.text)
    _printf_post_padding                     0x0802af41   Thumb Code    34  _printf_pad.o(.text)
    _printf_str                              0x0802af63   Thumb Code    82  _printf_str.o(.text)
    _printf_int_dec                          0x0802afb5   Thumb Code   104  _printf_dec.o(.text)
    _printf_int_hex                          0x0802b02d   Thumb Code    84  _printf_hex_int.o(.text)
    _printf_longlong_hex                     0x0802b02d   Thumb Code     0  _printf_hex_int.o(.text)
    __printf                                 0x0802b085   Thumb Code   308  __printf_flags_wp.o(.text)
    atoi                                     0x0802b1bd   Thumb Code    26  atoi.o(.text)
    strtoul                                  0x0802b1d7   Thumb Code   114  strtoul.o(.text)
    _strtok_r                                0x0802b249   Thumb Code     4  strtok_r.o(.text)
    strtok_r                                 0x0802b249   Thumb Code     0  strtok_r.o(.text)
    strchr                                   0x0802b24d   Thumb Code    20  strchr.o(.text)
    memcmp                                   0x0802b261   Thumb Code    88  memcmp.o(.text)
    strcpy                                   0x0802b2b9   Thumb Code    72  strcpy.o(.text)
    strncasecmp                              0x0802b301   Thumb Code    50  strncasecmp.o(.text)
    strcasecmp                               0x0802b333   Thumb Code    42  strcasecmp.o(.text)
    strrchr                                  0x0802b35d   Thumb Code    22  strrchr.o(.text)
    strlen                                   0x0802b373   Thumb Code    62  strlen.o(.text)
    strncmp                                  0x0802b3b1   Thumb Code   150  strncmp.o(.text)
    strcat                                   0x0802b447   Thumb Code    24  strcat.o(.text)
    __aeabi_memcpy                           0x0802b45f   Thumb Code     0  rt_memcpy_v6.o(.text)
    __rt_memcpy                              0x0802b45f   Thumb Code   138  rt_memcpy_v6.o(.text)
    _memcpy_lastbytes                        0x0802b4c5   Thumb Code     0  rt_memcpy_v6.o(.text)
    __aeabi_memmove                          0x0802b4e9   Thumb Code     0  rt_memmove_v6.o(.text)
    __rt_memmove                             0x0802b4e9   Thumb Code   132  rt_memmove_v6.o(.text)
    __memmove_lastfew                        0x0802b549   Thumb Code     0  rt_memmove_v6.o(.text)
    __aeabi_memcpy4                          0x0802b56d   Thumb Code     0  rt_memcpy_w.o(.text)
    __aeabi_memcpy8                          0x0802b56d   Thumb Code     0  rt_memcpy_w.o(.text)
    __rt_memcpy_w                            0x0802b56d   Thumb Code   100  rt_memcpy_w.o(.text)
    _memcpy_lastbytes_aligned                0x0802b5b5   Thumb Code     0  rt_memcpy_w.o(.text)
    __aeabi_memset                           0x0802b5d1   Thumb Code    16  aeabi_memset.o(.text)
    __aeabi_memclr                           0x0802b5e1   Thumb Code     0  rt_memclr.o(.text)
    __rt_memclr                              0x0802b5e1   Thumb Code    68  rt_memclr.o(.text)
    _memset                                  0x0802b5e5   Thumb Code     0  rt_memclr.o(.text)
    __aeabi_memclr4                          0x0802b625   Thumb Code     0  rt_memclr_w.o(.text)
    __aeabi_memclr8                          0x0802b625   Thumb Code     0  rt_memclr_w.o(.text)
    __rt_memclr_w                            0x0802b625   Thumb Code    78  rt_memclr_w.o(.text)
    _memset_w                                0x0802b629   Thumb Code     0  rt_memclr_w.o(.text)
    strncpy                                  0x0802b673   Thumb Code    86  strncpy.o(.text)
    strcmp                                   0x0802b6c9   Thumb Code   128  strcmpv7m.o(.text)
    __rt_heap_descriptor                     0x0802b749   Thumb Code     8  rt_heap_descriptor_intlibspace.o(.text)
    __rt_locale                              0x0802b751   Thumb Code     8  rt_locale_intlibspace.o(.text)
    __aeabi_errno_addr                       0x0802b759   Thumb Code     8  rt_errno_addr_intlibspace.o(.text)
    __errno$intlibspace                      0x0802b759   Thumb Code     0  rt_errno_addr_intlibspace.o(.text)
    __rt_errno_addr$intlibspace              0x0802b759   Thumb Code     0  rt_errno_addr_intlibspace.o(.text)
    __use_no_heap                            0x0802b761   Thumb Code     2  hguard.o(.text)
    __heap$guard                             0x0802b763   Thumb Code     2  hguard.o(.text)
    _terminate_user_alloc                    0x0802b765   Thumb Code     2  init_alloc.o(.text)
    _init_user_alloc                         0x0802b767   Thumb Code     2  init_alloc.o(.text)
    __Heap_Full                              0x0802b769   Thumb Code    34  init_alloc.o(.text)
    __Heap_Broken                            0x0802b78b   Thumb Code     6  init_alloc.o(.text)
    _init_alloc                              0x0802b791   Thumb Code    94  init_alloc.o(.text)
    __Heap_Initialize                        0x0802b7ef   Thumb Code    10  h1_init.o(.text)
    __Heap_DescSize                          0x0802b7f9   Thumb Code     4  h1_init.o(.text)
    _printf_int_common                       0x0802b7fd   Thumb Code   178  _printf_intcommon.o(.text)
    _printf_char_common                      0x0802b8bb   Thumb Code    32  _printf_char_common.o(.text)
    _sputc                                   0x0802b8e1   Thumb Code    10  _sputc.o(.text)
    _printf_cs_common                        0x0802b8eb   Thumb Code    20  _printf_char.o(.text)
    _printf_char                             0x0802b8ff   Thumb Code    16  _printf_char.o(.text)
    _printf_string                           0x0802b90f   Thumb Code     8  _printf_char.o(.text)
    _printf_char_file                        0x0802b919   Thumb Code    32  _printf_char_file.o(.text)
    _strtoul                                 0x0802b93d   Thumb Code   158  _strtoul.o(.text)
    strtol                                   0x0802b9db   Thumb Code   112  strtol.o(.text)
    __strtok_internal                        0x0802ba4d   Thumb Code    64  strtok_int.o(.text)
    __aeabi_memmove4                         0x0802ba91   Thumb Code     0  rt_memmove_w.o(.text)
    __aeabi_memmove8                         0x0802ba91   Thumb Code     0  rt_memmove_w.o(.text)
    __rt_memmove_w                           0x0802ba91   Thumb Code   122  rt_memmove_w.o(.text)
    __memmove_aligned                        0x0802bab7   Thumb Code     0  rt_memmove_w.o(.text)
    __memmove_lastfew_aligned                0x0802baef   Thumb Code     0  rt_memmove_w.o(.text)
    __Heap_ProvideMemory                     0x0802bb0b   Thumb Code    52  h1_extend.o(.text)
    _chval                                   0x0802bb3f   Thumb Code    28  _chval.o(.text)
    __rt_SIGRTMEM                            0x0802bb5b   Thumb Code    14  defsig_rtmem_outer.o(.text)
    strcspn                                  0x0802bb69   Thumb Code    32  strcspn.o(.text)
    strspn                                   0x0802bb89   Thumb Code    28  strspn.o(.text)
    exit                                     0x0802bba5   Thumb Code    18  exit.o(.text)
    __sig_exit                               0x0802bbb7   Thumb Code    10  defsig_exit.o(.text)
    __rt_SIGRTMEM_inner                      0x0802bbc1   Thumb Code    22  defsig_rtmem_inner.o(.text)
    __default_signal_display                 0x0802bc11   Thumb Code    50  defsig_general.o(.text)
    _is_digit                                0x0802bc43   Thumb Code    14  __printf_wp.o(i._is_digit)
    _get_lc_ctype                            0x0802bc51   Thumb Code    44  lc_ctype_c.o(locale$$code)
    __fpl_dcmp_Inf                           0x0802bc7d   Thumb Code    24  dcmpi.o(x$fpl$dcmpinf)
    __aeabi_i2d                              0x0802bc95   Thumb Code     0  dflt_clz.o(x$fpl$dflt)
    _dflt                                    0x0802bc95   Thumb Code    46  dflt_clz.o(x$fpl$dflt)
    __aeabi_ui2d                             0x0802bcc3   Thumb Code     0  dflt_clz.o(x$fpl$dfltu)
    _dfltu                                   0x0802bcc3   Thumb Code    38  dflt_clz.o(x$fpl$dfltu)
    __aeabi_cdcmple                          0x0802bce9   Thumb Code     0  dleqf.o(x$fpl$dleqf)
    _dcmple                                  0x0802bce9   Thumb Code   120  dleqf.o(x$fpl$dleqf)
    __fpl_dcmple_InfNaN                      0x0802bd4b   Thumb Code     0  dleqf.o(x$fpl$dleqf)
    __fpl_dnaninf                            0x0802bd61   Thumb Code   156  dnaninf.o(x$fpl$dnaninf)
    __aeabi_cdrcmple                         0x0802bdfd   Thumb Code     0  drleqf.o(x$fpl$drleqf)
    _drcmple                                 0x0802bdfd   Thumb Code   108  drleqf.o(x$fpl$drleqf)
    __I$use$fp                               0x0802be68   Number         0  usenofp.o(x$fpl$usenofp)
    res                                      0x0802be68   Data       200548  res.o(.constdata)
    extIntDriver                             0x0805cdcc   Data          12  ext_int_driver.o(.constdata)
    stm32f2x7EthDriver                       0x0805ceac   Data          64  stm32f2x7_eth.o(.constdata)
    dp83848PhyDriver                         0x0805ceec   Data          20  dp83848.o(.constdata)
    MAC_UNSPECIFIED_ADDR                     0x0805cf00   Data           6  ethernet.o(.constdata)
    MAC_BROADCAST_ADDR                       0x0805cf06   Data           6  ethernet.o(.constdata)
    EUI64_UNSPECIFIED_ADDR                   0x0805cf0c   Data           8  ethernet.o(.constdata)
    ethPadding                               0x0805cf14   Data          64  ethernet.o(.constdata)
    IPV6_UNSPECIFIED_ADDR                    0x0805cf54   Data          16  ipv6.o(.constdata)
    IPV6_LOOPBACK_ADDR                       0x0805cf64   Data          16  ipv6.o(.constdata)
    IPV6_LINK_LOCAL_ALL_NODES_ADDR           0x0805cf74   Data          16  ipv6.o(.constdata)
    IPV6_LINK_LOCAL_ALL_ROUTERS_ADDR         0x0805cf84   Data          16  ipv6.o(.constdata)
    IPV6_LINK_LOCAL_ADDR_PREFIX              0x0805cf94   Data          16  ipv6.o(.constdata)
    IPV6_SOLICITED_NODE_ADDR_PREFIX          0x0805cfa4   Data          16  ipv6.o(.constdata)
    IP_ADDR_ANY                              0x0805cfb4   Data          20  ip.o(.constdata)
    IP_ADDR_UNSPECIFIED                      0x0805cfc8   Data          20  ip.o(.constdata)
    dhcpOptionList                           0x0805cfdc   Data           7  dhcp_client.o(.constdata)
    tlsSupportedCipherSuites                 0x0805d47c   Data        2772  tls_cipher_suites.o(.constdata)
    sslPad1                                  0x0805df58   Data          48  ssl_common.o(.constdata)
    sslPad2                                  0x0805df88   Data          48  ssl_common.o(.constdata)
    md5HashAlgo                              0x0805e1c0   Data          40  md5.o(.constdata)
    sha1HashAlgo                             0x0805e240   Data          40  sha1.o(.constdata)
    sha224HashAlgo                           0x0805e274   Data          40  sha224.o(.constdata)
    sha256HashAlgo                           0x0805e3e8   Data          40  sha256.o(.constdata)
    sha384HashAlgo                           0x0805e41c   Data          40  sha384.o(.constdata)
    sha512HashAlgo                           0x0805e754   Data          40  sha512.o(.constdata)
    rc4CipherAlgo                            0x0805e77c   Data          36  rc4.o(.constdata)
    desCipherAlgo                            0x0805efa0   Data          36  des.o(.constdata)
    des3CipherAlgo                           0x0805efc4   Data          36  des3.o(.constdata)
    aesCipherAlgo                            0x0805fa14   Data          36  aes.o(.constdata)
    camelliaCipherAlgo                       0x0805ff58   Data          36  camellia.o(.constdata)
    PKCS1_OID                                0x0805ff7c   Data           8  rsa.o(.constdata)
    RSA_ENCRYPTION_OID                       0x0805ff84   Data           9  rsa.o(.constdata)
    MD5_WITH_RSA_ENCRYPTION_OID              0x0805ff8d   Data           9  rsa.o(.constdata)
    SHA1_WITH_RSA_ENCRYPTION_OID             0x0805ff96   Data           9  rsa.o(.constdata)
    SHA256_WITH_RSA_ENCRYPTION_OID           0x0805ff9f   Data           9  rsa.o(.constdata)
    SHA384_WITH_RSA_ENCRYPTION_OID           0x0805ffa8   Data           9  rsa.o(.constdata)
    SHA512_WITH_RSA_ENCRYPTION_OID           0x0805ffb1   Data           9  rsa.o(.constdata)
    RSASSA_PKCS1_v1_5_WITH_SHA3_224_OID      0x0805ffba   Data           9  rsa.o(.constdata)
    RSASSA_PKCS1_v1_5_WITH_SHA3_256_OID      0x0805ffc3   Data           9  rsa.o(.constdata)
    RSASSA_PKCS1_v1_5_WITH_SHA3_384_OID      0x0805ffcc   Data           9  rsa.o(.constdata)
    RSASSA_PKCS1_v1_5_WITH_SHA3_512_OID      0x0805ffd5   Data           9  rsa.o(.constdata)
    DSA_OID                                  0x0805ffde   Data           7  dsa.o(.constdata)
    DSA_WITH_SHA1_OID                        0x0805ffe5   Data           7  dsa.o(.constdata)
    DSA_WITH_SHA224_OID                      0x0805ffec   Data           9  dsa.o(.constdata)
    DSA_WITH_SHA256_OID                      0x0805fff5   Data           9  dsa.o(.constdata)
    DSA_WITH_SHA384_OID                      0x0805fffe   Data           9  dsa.o(.constdata)
    DSA_WITH_SHA512_OID                      0x08060007   Data           9  dsa.o(.constdata)
    DSA_WITH_SHA3_224_OID                    0x08060010   Data           9  dsa.o(.constdata)
    DSA_WITH_SHA3_256_OID                    0x08060019   Data           9  dsa.o(.constdata)
    DSA_WITH_SHA3_384_OID                    0x08060022   Data           9  dsa.o(.constdata)
    DSA_WITH_SHA3_512_OID                    0x0806002b   Data           9  dsa.o(.constdata)
    EC_PUBLIC_KEY_OID                        0x08060034   Data           7  ec.o(.constdata)
    SECP112R1_OID                            0x0806003c   Data           5  ec_curves.o(.constdata)
    SECP112R2_OID                            0x08060041   Data           5  ec_curves.o(.constdata)
    SECP128R1_OID                            0x08060046   Data           5  ec_curves.o(.constdata)
    SECP128R2_OID                            0x0806004b   Data           5  ec_curves.o(.constdata)
    SECP160K1_OID                            0x08060050   Data           5  ec_curves.o(.constdata)
    SECP160R1_OID                            0x08060055   Data           5  ec_curves.o(.constdata)
    SECP160R2_OID                            0x0806005a   Data           5  ec_curves.o(.constdata)
    SECP192K1_OID                            0x0806005f   Data           5  ec_curves.o(.constdata)
    SECP192R1_OID                            0x08060064   Data           8  ec_curves.o(.constdata)
    SECP224K1_OID                            0x0806006c   Data           5  ec_curves.o(.constdata)
    SECP224R1_OID                            0x08060071   Data           5  ec_curves.o(.constdata)
    SECP256K1_OID                            0x08060076   Data           5  ec_curves.o(.constdata)
    SECP256R1_OID                            0x0806007b   Data           8  ec_curves.o(.constdata)
    SECP384R1_OID                            0x08060083   Data           5  ec_curves.o(.constdata)
    SECP521R1_OID                            0x08060088   Data           5  ec_curves.o(.constdata)
    BRAINPOOLP160R1_OID                      0x0806008d   Data          10  ec_curves.o(.constdata)
    BRAINPOOLP192R1_OID                      0x08060097   Data          10  ec_curves.o(.constdata)
    BRAINPOOLP224R1_OID                      0x080600a1   Data          10  ec_curves.o(.constdata)
    BRAINPOOLP256R1_OID                      0x080600ab   Data          10  ec_curves.o(.constdata)
    BRAINPOOLP320R1_OID                      0x080600b5   Data          10  ec_curves.o(.constdata)
    BRAINPOOLP384R1_OID                      0x080600bf   Data          10  ec_curves.o(.constdata)
    BRAINPOOLP512R1_OID                      0x080600c9   Data          10  ec_curves.o(.constdata)
    secp112r1Curve                           0x080600d4   Data         452  ec_curves.o(.constdata)
    secp112r2Curve                           0x08060298   Data         452  ec_curves.o(.constdata)
    secp128r1Curve                           0x0806045c   Data         452  ec_curves.o(.constdata)
    secp128r2Curve                           0x08060620   Data         452  ec_curves.o(.constdata)
    secp160k1Curve                           0x080607e4   Data         452  ec_curves.o(.constdata)
    secp160r1Curve                           0x080609a8   Data         452  ec_curves.o(.constdata)
    secp160r2Curve                           0x08060b6c   Data         452  ec_curves.o(.constdata)
    secp192k1Curve                           0x08060d30   Data         452  ec_curves.o(.constdata)
    secp192r1Curve                           0x08060ef4   Data         452  ec_curves.o(.constdata)
    secp224k1Curve                           0x080610b8   Data         452  ec_curves.o(.constdata)
    secp224r1Curve                           0x0806127c   Data         452  ec_curves.o(.constdata)
    secp256k1Curve                           0x08061440   Data         452  ec_curves.o(.constdata)
    secp256r1Curve                           0x08061604   Data         452  ec_curves.o(.constdata)
    secp384r1Curve                           0x080617c8   Data         452  ec_curves.o(.constdata)
    secp521r1Curve                           0x0806198c   Data         452  ec_curves.o(.constdata)
    brainpoolP160r1Curve                     0x08061b50   Data         452  ec_curves.o(.constdata)
    brainpoolP192r1Curve                     0x08061d14   Data         452  ec_curves.o(.constdata)
    brainpoolP224r1Curve                     0x08061ed8   Data         452  ec_curves.o(.constdata)
    brainpoolP256r1Curve                     0x0806209c   Data         452  ec_curves.o(.constdata)
    brainpoolP320r1Curve                     0x08062260   Data         452  ec_curves.o(.constdata)
    brainpoolP384r1Curve                     0x08062424   Data         452  ec_curves.o(.constdata)
    brainpoolP512r1Curve                     0x080625e8   Data         452  ec_curves.o(.constdata)
    ECDSA_WITH_SHA1_OID                      0x080627ac   Data           7  ecdsa.o(.constdata)
    ECDSA_WITH_SHA224_OID                    0x080627b3   Data           8  ecdsa.o(.constdata)
    ECDSA_WITH_SHA256_OID                    0x080627bb   Data           8  ecdsa.o(.constdata)
    ECDSA_WITH_SHA384_OID                    0x080627c3   Data           8  ecdsa.o(.constdata)
    ECDSA_WITH_SHA512_OID                    0x080627cb   Data           8  ecdsa.o(.constdata)
    ECDSA_WITH_SHA3_224_OID                  0x080627d3   Data           9  ecdsa.o(.constdata)
    ECDSA_WITH_SHA3_256_OID                  0x080627dc   Data           9  ecdsa.o(.constdata)
    ECDSA_WITH_SHA3_384_OID                  0x080627e5   Data           9  ecdsa.o(.constdata)
    ECDSA_WITH_SHA3_512_OID                  0x080627ee   Data           9  ecdsa.o(.constdata)
    X509_COMMON_NAME_OID                     0x080627f7   Data           3  x509.o(.constdata)
    X509_SURNAME_OID                         0x080627fa   Data           3  x509.o(.constdata)
    X509_SERIAL_NUMBER_OID                   0x080627fd   Data           3  x509.o(.constdata)
    X509_COUNTRY_NAME_OID                    0x08062800   Data           3  x509.o(.constdata)
    X509_LOCALITY_NAME_OID                   0x08062803   Data           3  x509.o(.constdata)
    X509_STATE_OR_PROVINCE_NAME_OID          0x08062806   Data           3  x509.o(.constdata)
    X509_ORGANIZATION_NAME_OID               0x08062809   Data           3  x509.o(.constdata)
    X509_ORGANIZATIONAL_UNIT_NAME_OID        0x0806280c   Data           3  x509.o(.constdata)
    X509_TITLE_OID                           0x0806280f   Data           3  x509.o(.constdata)
    X509_NAME_OID                            0x08062812   Data           3  x509.o(.constdata)
    X509_GIVEN_NAME_OID                      0x08062815   Data           3  x509.o(.constdata)
    X509_INITIALS_OID                        0x08062818   Data           3  x509.o(.constdata)
    X509_GENERATION_QUALIFIER_OID            0x0806281b   Data           3  x509.o(.constdata)
    X509_DN_QUALIFIER_OID                    0x0806281e   Data           3  x509.o(.constdata)
    X509_PSEUDONYM_OID                       0x08062821   Data           3  x509.o(.constdata)
    X509_SUBJECT_DIRECTORY_ATTR_OID          0x08062824   Data           3  x509.o(.constdata)
    X509_SUBJECT_KEY_ID_OID                  0x08062827   Data           3  x509.o(.constdata)
    X509_KEY_USAGE_OID                       0x0806282a   Data           3  x509.o(.constdata)
    X509_SUBJECT_ALT_NAME_OID                0x0806282d   Data           3  x509.o(.constdata)
    X509_ISSUER_ALT_NAME_OID                 0x08062830   Data           3  x509.o(.constdata)
    X509_BASIC_CONSTRAINTS_OID               0x08062833   Data           3  x509.o(.constdata)
    X509_NAME_CONSTRAINTS_OID                0x08062836   Data           3  x509.o(.constdata)
    X509_CRL_DISTR_POINTS_OID                0x08062839   Data           3  x509.o(.constdata)
    X509_CERTIFICATE_POLICIES_OID            0x0806283c   Data           3  x509.o(.constdata)
    X509_POLICY_MAPPINGS_OID                 0x0806283f   Data           3  x509.o(.constdata)
    X509_AUTHORITY_KEY_ID_OID                0x08062842   Data           3  x509.o(.constdata)
    X509_POLICY_CONSTRAINTS_OID              0x08062845   Data           3  x509.o(.constdata)
    X509_EXTENDED_KEY_USAGE_OID              0x08062848   Data           3  x509.o(.constdata)
    X509_FRESHEST_CRL_OID                    0x0806284b   Data           3  x509.o(.constdata)
    X509_INHIBIT_ANY_POLICY_OID              0x0806284e   Data           3  x509.o(.constdata)
    yarrowPrngAlgo                           0x08062854   Data          28  yarrow.o(.constdata)
    GPIO_PIN                                 0x08062870   Data           8  stm322xg_eval.o(.constdata)
    GPIO_CLK                                 0x08062878   Data          16  stm322xg_eval.o(.constdata)
    BUTTON_PIN                               0x08062888   Data           6  stm322xg_eval.o(.constdata)
    BUTTON_CLK                               0x08062890   Data          12  stm322xg_eval.o(.constdata)
    BUTTON_EXTI_LINE                         0x0806289c   Data           6  stm322xg_eval.o(.constdata)
    BUTTON_PORT_SOURCE                       0x080628a2   Data           3  stm322xg_eval.o(.constdata)
    BUTTON_PIN_SOURCE                        0x080628a5   Data           3  stm322xg_eval.o(.constdata)
    BUTTON_IRQn                              0x080628a8   Data           3  stm322xg_eval.o(.constdata)
    COM_USART_CLK                            0x080628ac   Data           4  stm322xg_eval.o(.constdata)
    COM_TX_PORT_CLK                          0x080628b0   Data           4  stm322xg_eval.o(.constdata)
    COM_RX_PORT_CLK                          0x080628b4   Data           4  stm322xg_eval.o(.constdata)
    COM_TX_PIN                               0x080628b8   Data           2  stm322xg_eval.o(.constdata)
    COM_RX_PIN                               0x080628ba   Data           2  stm322xg_eval.o(.constdata)
    COM_TX_PIN_SOURCE                        0x080628bc   Data           1  stm322xg_eval.o(.constdata)
    COM_RX_PIN_SOURCE                        0x080628bd   Data           1  stm322xg_eval.o(.constdata)
    COM_TX_AF                                0x080628be   Data           1  stm322xg_eval.o(.constdata)
    COM_RX_AF                                0x080628bf   Data           1  stm322xg_eval.o(.constdata)
    ASCII16x24_Table                         0x080628c0   Data        4560  stm322xg_eval_lcd.o(.constdata)
    ASCII12x12_Table                         0x08063a90   Data        2304  stm322xg_eval_lcd.o(.constdata)
    ASCII8x12_Table                          0x08064390   Data        2304  stm322xg_eval_lcd.o(.constdata)
    ASCII8x8_Table                           0x08064c90   Data        1536  stm322xg_eval_lcd.o(.constdata)
    Region$$Table$$Base                      0x080663ec   Number         0  anon$$obj.o(Region$$Table)
    Region$$Table$$Limit                     0x0806640c   Number         0  anon$$obj.o(Region$$Table)
    __ctype                                  0x08066419   Data           0  lc_ctype_c.o(locale$$data)
    SystemCoreClock                          0x20000000   Data           4  system_stm32f2xx.o(.data)
    AHBPrescTable                            0x20000004   Data          16  system_stm32f2xx.o(.data)
    __stdout                                 0x20000014   Data           4  retarget.o(.data)
    __stdin                                  0x20000018   Data           4  retarget.o(.data)
    __stderr                                 0x2000001c   Data           4  retarget.o(.data)
    lcdLine                                  0x20000020   Data           4  main.o(.data)
    lcdColumn                                0x20000024   Data           4  main.o(.data)
    adcValue                                 0x20000028   Data           4  main.o(.data)
    joystickState                            0x2000002c   Data           4  main.o(.data)
    ax                                       0x20000030   Data           1  main.o(.data)
    ay                                       0x20000031   Data           1  main.o(.data)
    az                                       0x20000032   Data           1  main.o(.data)
    netTaskHandle                            0x20000038   Data           4  net.o(.data)
    netMutex                                 0x2000003c   Data           4  net.o(.data)
    netEvent                                 0x20000040   Data           4  net.o(.data)
    nicTickCounter                           0x20000060   Data           4  nic.o(.data)
    arpTickCounter                           0x20000064   Data           4  arp.o(.data)
    ipv4FragTickCounter                      0x20000068   Data           4  ipv4_frag.o(.data)
    igmpTickCounter                          0x2000006c   Data           4  igmp.o(.data)
    ipv6FragTickCounter                      0x20000070   Data           4  ipv6_frag.o(.data)
    mldTickCounter                           0x20000074   Data           4  mld.o(.data)
    ndpTickCounter                           0x20000078   Data           4  ndp.o(.data)
    tcpTickCounter                           0x20000080   Data           4  tcp.o(.data)
    udpCallbackMutex                         0x2000008c   Data           4  udp.o(.data)
    dnsTickCounter                           0x20000090   Data           4  dns_cache.o(.data)
    dhcpClientTickCounter                    0x20000094   Data           4  dhcp_client.o(.data)
    pxCurrentTCB                             0x200000d4   Data           4  tasks.o(.data)
    GPIO_PORT                                0x20000110   Data          16  stm322xg_eval.o(.data)
    BUTTON_PORT                              0x20000120   Data          12  stm322xg_eval.o(.data)
    COM_USART                                0x2000012c   Data           4  stm322xg_eval.o(.data)
    COM_TX_PORT                              0x20000130   Data           4  stm322xg_eval.o(.data)
    COM_RX_PORT                              0x20000134   Data           4  stm322xg_eval.o(.data)
    NVIC_InitStructure                       0x20000138   Data           4  stm322xg_eval.o(.data)
    TS_State                                 0x2000013c   Data           8  stm322xg_eval_ioe.o(.data)
    IOE_TimeOut                              0x20000144   Data           4  stm322xg_eval_ioe.o(.data)
    Font16x24                                0x20000150   Data           8  stm322xg_eval_lcd.o(.data)
    Font12x12                                0x20000158   Data           8  stm322xg_eval_lcd.o(.data)
    Font8x12                                 0x20000160   Data           8  stm322xg_eval_lcd.o(.data)
    Font8x8                                  0x20000168   Data           8  stm322xg_eval_lcd.o(.data)
    TextColor                                0x20000174   Data           2  stm322xg_eval_lcd.o(.data)
    BackColor                                0x20000176   Data           2  stm322xg_eval_lcd.o(.data)
    dhcpClientSettings                       0x20000188   Data          44  main.o(.bss)
    dhcpClientContext                        0x200001b4   Data         104  main.o(.bss)
    slaacSettings                            0x2000021c   Data          16  main.o(.bss)
    slaacContext                             0x2000022c   Data          24  main.o(.bss)
    httpServerSettings                       0x20000244   Data         100  main.o(.bss)
    httpServerContext                        0x200002a8   Data         116  main.o(.bss)
    httpConnections                          0x2000031c   Data        6880  main.o(.bss)
    yarrowContext                            0x20001e00   Data         816  main.o(.bss)
    seed                                     0x20002130   Data          32  main.o(.bss)
    netInterface                             0x20002190   Data        3052  net.o(.bss)
    udpCallbackTable                         0x20006548   Data         160  udp.o(.bss)
    socketTable                              0x200065e8   Data       18816  socket.o(.bss)
    dnsCache                                 0x2000af68   Data         928  dns_cache.o(.bss)
    sEEDMA_InitStructure                     0x2000b410   Data          60  stm322xg_eval.o(.bss)
    __libspace_start                         0x2000b44c   Data          96  libspace.o(.bss)
    __temporary_stack_top$libspace           0x2000b4ac   Data           0  libspace.o(.bss)
    Image$$ARM_LIB_STACK$$ZI$$Limit          0x20020000   Number         0  anon$$obj.o ABSOLUTE
    Image$$ARM_LIB_HEAP$$ZI$$Base            0x64100000   Number         0  anon$$obj.o ABSOLUTE
    Image$$ARM_LIB_HEAP$$ZI$$Limit           0x64200000   Number         0  anon$$obj.o ABSOLUTE



==============================================================================

Memory Map of the image

  Image Entry point : 0x08000185

  Load Region LR_IROM1 (Base: 0x08000000, Size: 0x000666a4, Max: 0x00100000, ABSOLUTE, COMPRESSED[0x000665a4])

    Execution Region ER_IROM1 (Base: 0x08000000, Size: 0x0006651c, Max: 0x00100000, ABSOLUTE)

    Base Addr    Size         Type   Attr      Idx    E Section Name        Object

    0x08000000   0x00000184   Data   RO            4    RESET               startup_stm32f2xx.o
    0x08000184   0x00000008   Code   RO         4489  * !!!main             c_w.l(__main.o)
    0x0800018c   0x00000034   Code   RO         4754    !!!scatter          c_w.l(__scatter.o)
    0x080001c0   0x0000005a   Code   RO         4752    !!dczerorl2         c_w.l(__dczerorl2.o)
    0x0800021a   0x00000002   PAD
    0x0800021c   0x0000001c   Code   RO         4756    !!handler_zi        c_w.l(__scatter_zi.o)
    0x08000238   0x00000000   Code   RO         4448    .ARM.Collect$$_printf_percent$$00000000  c_w.l(_printf_percent.o)
    0x08000238   0x00000006   Code   RO         4446    .ARM.Collect$$_printf_percent$$00000009  c_w.l(_printf_d.o)
    0x0800023e   0x00000006   Code   RO         4447    .ARM.Collect$$_printf_percent$$0000000A  c_w.l(_printf_u.o)
    0x08000244   0x00000006   Code   RO         4445    .ARM.Collect$$_printf_percent$$0000000C  c_w.l(_printf_x.o)
    0x0800024a   0x00000006   Code   RO         4444    .ARM.Collect$$_printf_percent$$00000014  c_w.l(_printf_s.o)
    0x08000250   0x00000004   Code   RO         4549    .ARM.Collect$$_printf_percent$$00000017  c_w.l(_printf_percent_end.o)
    0x08000254   0x00000002   Code   RO         4689    .ARM.Collect$$libinit$$00000000  c_w.l(libinit.o)
    0x08000256   0x00000000   Code   RO         4564    .ARM.Collect$$libinit$$00000002  c_w.l(libinit2.o)
    0x08000256   0x00000000   Code   RO         4566    .ARM.Collect$$libinit$$00000004  c_w.l(libinit2.o)
    0x08000256   0x00000008   Code   RO         4702    .ARM.Collect$$libinit$$00000008  c_w.l(libinit5.o)
    0x0800025e   0x00000000   Code   RO         4569    .ARM.Collect$$libinit$$0000000A  c_w.l(libinit2.o)
    0x0800025e   0x00000000   Code   RO         4571    .ARM.Collect$$libinit$$0000000C  c_w.l(libinit2.o)
    0x0800025e   0x00000000   Code   RO         4573    .ARM.Collect$$libinit$$0000000E  c_w.l(libinit2.o)
    0x0800025e   0x00000006   Code   RO         4574    .ARM.Collect$$libinit$$0000000F  c_w.l(libinit2.o)
    0x08000264   0x00000000   Code   RO         4576    .ARM.Collect$$libinit$$00000011  c_w.l(libinit2.o)
    0x08000264   0x0000000c   Code   RO         4577    .ARM.Collect$$libinit$$00000012  c_w.l(libinit2.o)
    0x08000270   0x00000000   Code   RO         4578    .ARM.Collect$$libinit$$00000013  c_w.l(libinit2.o)
    0x08000270   0x00000000   Code   RO         4580    .ARM.Collect$$libinit$$00000015  c_w.l(libinit2.o)
    0x08000270   0x00000000   Code   RO         4582    .ARM.Collect$$libinit$$00000017  c_w.l(libinit2.o)
    0x08000270   0x00000000   Code   RO         4584    .ARM.Collect$$libinit$$00000019  c_w.l(libinit2.o)
    0x08000270   0x00000000   Code   RO         4586    .ARM.Collect$$libinit$$0000001B  c_w.l(libinit2.o)
    0x08000270   0x00000000   Code   RO         4588    .ARM.Collect$$libinit$$0000001D  c_w.l(libinit2.o)
    0x08000270   0x00000000   Code   RO         4590    .ARM.Collect$$libinit$$0000001F  c_w.l(libinit2.o)
    0x08000270   0x00000000   Code   RO         4592    .ARM.Collect$$libinit$$00000021  c_w.l(libinit2.o)
    0x08000270   0x00000000   Code   RO         4594    .ARM.Collect$$libinit$$00000023  c_w.l(libinit2.o)
    0x08000270   0x00000000   Code   RO         4596    .ARM.Collect$$libinit$$00000025  c_w.l(libinit2.o)
    0x08000270   0x00000000   Code   RO         4600    .ARM.Collect$$libinit$$0000002C  c_w.l(libinit2.o)
    0x08000270   0x00000000   Code   RO         4602    .ARM.Collect$$libinit$$0000002E  c_w.l(libinit2.o)
    0x08000270   0x00000000   Code   RO         4604    .ARM.Collect$$libinit$$00000030  c_w.l(libinit2.o)
    0x08000270   0x00000000   Code   RO         4606    .ARM.Collect$$libinit$$00000032  c_w.l(libinit2.o)
    0x08000270   0x00000002   Code   RO         4607    .ARM.Collect$$libinit$$00000033  c_w.l(libinit2.o)
    0x08000272   0x00000002   PAD
    0x08000274   0x00000008   Code   RO         4703    .ARM.Collect$$libinit$$00002719  c_w.l(libinit5.o)
    0x0800027c   0x00000002   Code   RO         4749    .ARM.Collect$$libshutdown$$00000000  c_w.l(libshutdown.o)
    0x0800027e   0x00000000   Code   RO         4707    .ARM.Collect$$libshutdown$$00000002  c_w.l(libshutdown2.o)
    0x0800027e   0x00000000   Code   RO         4709    .ARM.Collect$$libshutdown$$00000004  c_w.l(libshutdown2.o)
    0x0800027e   0x00000000   Code   RO         4712    .ARM.Collect$$libshutdown$$00000007  c_w.l(libshutdown2.o)
    0x0800027e   0x00000000   Code   RO         4715    .ARM.Collect$$libshutdown$$0000000A  c_w.l(libshutdown2.o)
    0x0800027e   0x00000000   Code   RO         4717    .ARM.Collect$$libshutdown$$0000000C  c_w.l(libshutdown2.o)
    0x0800027e   0x00000000   Code   RO         4720    .ARM.Collect$$libshutdown$$0000000F  c_w.l(libshutdown2.o)
    0x0800027e   0x00000002   Code   RO         4721    .ARM.Collect$$libshutdown$$00000010  c_w.l(libshutdown2.o)
    0x08000280   0x00000000   Code   RO         4503    .ARM.Collect$$rtentry$$00000000  c_w.l(__rtentry.o)
    0x08000280   0x00000000   Code   RO         4619    .ARM.Collect$$rtentry$$00000002  c_w.l(__rtentry2.o)
    0x08000280   0x00000004   Code   RO         4633    .ARM.Collect$$rtentry$$00000007  c_w.l(__rtentry7.o)
    0x08000284   0x00000000   Code   RO         4621    .ARM.Collect$$rtentry$$00000009  c_w.l(__rtentry2.o)
    0x08000284   0x00000004   Code   RO         4622    .ARM.Collect$$rtentry$$0000000A  c_w.l(__rtentry2.o)
    0x08000288   0x00000000   Code   RO         4624    .ARM.Collect$$rtentry$$0000000C  c_w.l(__rtentry2.o)
    0x08000288   0x00000008   Code   RO         4625    .ARM.Collect$$rtentry$$0000000D  c_w.l(__rtentry2.o)
    0x08000290   0x00000004   Code   RO         4634    .ARM.Collect$$rtentry$$00002718  c_w.l(__rtentry7.o)
    0x08000294   0x00000002   Code   RO         4692    .ARM.Collect$$rtexit$$00000000  c_w.l(rtexit.o)
    0x08000296   0x00000000   Code   RO         4723    .ARM.Collect$$rtexit$$00000002  c_w.l(rtexit2.o)
    0x08000296   0x00000004   Code   RO         4724    .ARM.Collect$$rtexit$$00000003  c_w.l(rtexit2.o)
    0x0800029a   0x00000006   Code   RO         4725    .ARM.Collect$$rtexit$$00000004  c_w.l(rtexit2.o)
    0x080002a0   0x000000a2   Code   RO         3357    .emb_text           port.o
    0x08000342   0x00000002   PAD
    0x08000344   0x00000000   Code   RO         4640    .emb_text           c_w.l(maybetermalloc1.o)
    0x08000344   0x0000002c   Code   RO            5    .text               startup_stm32f2xx.o
    0x08000370   0x00000314   Code   RO           14    .text               system_stm32f2xx.o
    0x08000684   0x00000014   Code   RO          142    .text               stm32f2xx_it.o
    0x08000698   0x00000028   Code   RO          170    .text               retarget.o
    0x080006c0   0x00001214   Code   RO          198    .text               main.o
    0x080018d4   0x00000130   Code   RO          556    .text               debug.o
    0x08001a04   0x000000d4   Code   RO          597    .text               lis302dl.o
    0x08001ad8   0x00000154   Code   RO          635    .text               ext_int_driver.o
    0x08001c2c   0x00000248   Code   RO          772    .text               endian.o
    0x08001e74   0x0000023c   Code   RO          784    .text               os_port_freertos.o
    0x080020b0   0x00000348   Code   RO          805    .text               date_time.o
    0x080023f8   0x000000ee   Code   RO          826    .text               str.o
    0x080024e6   0x00000002   PAD
    0x080024e8   0x000003a8   Code   RO          842    .text               path.o
    0x08002890   0x0000024c   Code   RO          863    .text               resource_manager.o
    0x08002adc   0x00000960   Code   RO          880    .text               net.o
    0x0800343c   0x00000520   Code   RO          987    .text               net_mem.o
    0x0800395c   0x000007e4   Code   RO         1005    .text               stm32f2x7_eth.o
    0x08004140   0x000001a8   Code   RO         1038    .text               dp83848.o
    0x080042e8   0x00000304   Code   RO         1056    .text               nic.o
    0x080045ec   0x00000614   Code   RO         1139    .text               ethernet.o
    0x08004c00   0x0000071c   Code   RO         1238    .text               arp.o
    0x0800531c   0x000009d8   Code   RO         1355    .text               ipv4.o
    0x08005cf4   0x00000486   Code   RO         1445    .text               ipv4_frag.o
    0x0800617a   0x00000248   Code   RO         1540    .text               icmp.o
    0x080063c2   0x00000002   PAD
    0x080063c4   0x00000520   Code   RO         1552    .text               igmp.o
    0x080068e4   0x00001000   Code   RO         1570    .text               ipv6.o
    0x080078e4   0x00000572   Code   RO         1682    .text               ipv6_frag.o
    0x08007e56   0x00000002   PAD
    0x08007e58   0x000008e8   Code   RO         1775    .text               ipv6_misc.o
    0x08008740   0x00000044   Code   RO         1787    .text               ipv6_pmtu.o
    0x08008784   0x00000446   Code   RO         1799    .text               icmpv6.o
    0x08008bca   0x00000002   PAD
    0x08008bcc   0x000004bc   Code   RO         1815    .text               mld.o
    0x08009088   0x000012f4   Code   RO         1833    .text               ndp.o
    0x0800a37c   0x000002f0   Code   RO         1913    .text               ndp_cache.o
    0x0800a66c   0x000004b0   Code   RO         1925    .text               ndp_misc.o
    0x0800ab1c   0x0000065c   Code   RO         1937    .text               slaac.o
    0x0800b178   0x000003b4   Code   RO         1952    .text               ip.o
    0x0800b52c   0x00000824   Code   RO         1999    .text               tcp.o
    0x0800bd50   0x00000994   Code   RO         2025    .text               tcp_fsm.o
    0x0800c6e4   0x000012fc   Code   RO         2037    .text               tcp_misc.o
    0x0800d9e0   0x000002d0   Code   RO         2049    .text               tcp_timer.o
    0x0800dcb0   0x00000644   Code   RO         2064    .text               udp.o
    0x0800e2f4   0x00000760   Code   RO         2095    .text               socket.o
    0x0800ea54   0x000001e4   Code   RO         2144    .text               dns_cache.o
    0x0800ec38   0x000005ec   Code   RO         2163    .text               dns_client.o
    0x0800f224   0x000002f2   Code   RO         2178    .text               dns_common.o
    0x0800f516   0x00000002   PAD
    0x0800f518   0x000002d4   Code   RO         2217    .text               nbns_client.o
    0x0800f7ec   0x00000186   Code   RO         2229    .text               nbns_responder.o
    0x0800f972   0x00000002   PAD
    0x0800f974   0x000002a8   Code   RO         2241    .text               nbns_common.o
    0x0800fc1c   0x00000fe8   Code   RO         2253    .text               dhcp_client.o
    0x08010c04   0x000000ae   Code   RO         2335    .text               dhcp_common.o
    0x08010cb2   0x00000002   PAD
    0x08010cb4   0x00000a40   Code   RO         2353    .text               http_server.o
    0x080116f4   0x000000f8   Code   RO         2375    .text               http_server_auth.o
    0x080117ec   0x00000990   Code   RO         2387    .text               http_server_misc.o
    0x0801217c   0x00000050   Code   RO         2401    .text               mime.o
    0x080121cc   0x00000778   Code   RO         2416    .text               ssi.o
    0x08012944   0x00000a80   Code   RO         2434    .text               smtp_client.o
    0x080133c4   0x00000692   Code   RO         2500    .text               tls.o
    0x08013a56   0x00000002   PAD
    0x08013a58   0x000000a0   Code   RO         2537    .text               tls_cipher_suites.o
    0x08013af8   0x000015ec   Code   RO         2630    .text               tls_client.o
    0x080150e4   0x00001600   Code   RO         2646    .text               tls_server.o
    0x080166e4   0x000009f2   Code   RO         2661    .text               tls_common.o
    0x080170d6   0x00000838   Code   RO         2679    .text               tls_record.o
    0x0801790e   0x0000005e   Code   RO         2710    .text               tls_io.o
    0x0801796c   0x00001538   Code   RO         2722    .text               tls_misc.o
    0x08018ea4   0x0000024c   Code   RO         2736    .text               tls_cache.o
    0x080190f0   0x00000198   Code   RO         2748    .text               ssl_common.o
    0x08019288   0x000001e0   Code   RO         2766    .text               base64.o
    0x08019468   0x00000a34   Code   RO         2780    .text               md5.o
    0x08019e9c   0x000002d8   Code   RO         2799    .text               sha1.o
    0x0801a174   0x000000b8   Code   RO         2818    .text               sha224.o
    0x0801a22c   0x0000032c   Code   RO         2837    .text               sha256.o
    0x0801a558   0x00000100   Code   RO         2856    .text               sha384.o
    0x0801a658   0x0000056c   Code   RO         2875    .text               sha512.o
    0x0801abc4   0x0000015e   Code   RO         2894    .text               hmac.o
    0x0801ad22   0x000000b8   Code   RO         2912    .text               rc4.o
    0x0801adda   0x00000002   PAD
    0x0801addc   0x0000068c   Code   RO         2950    .text               des.o
    0x0801b468   0x000000e4   Code   RO         2969    .text               des3.o
    0x0801b54c   0x00000a2c   Code   RO         2992    .text               aes.o
    0x0801bf78   0x0000079c   Code   RO         3011    .text               camellia.o
    0x0801c714   0x000000ca   Code   RO         3068    .text               cipher_mode_cbc.o
    0x0801c7de   0x0000048e   Code   RO         3080    .text               cipher_mode_ccm.o
    0x0801cc6c   0x00000504   Code   RO         3092    .text               cipher_mode_gcm.o
    0x0801d170   0x00000182   Code   RO         3149    .text               dh.o
    0x0801d2f2   0x00000782   Code   RO         3161    .text               rsa.o
    0x0801da74   0x000005cc   Code   RO         3182    .text               dsa.o
    0x0801e040   0x000011c6   Code   RO         3200    .text               ec.o
    0x0801f206   0x00000002   PAD
    0x0801f208   0x00000ee8   Code   RO         3218    .text               ec_curves.o
    0x080200f0   0x000001a8   Code   RO         3237    .text               ecdh.o
    0x08020298   0x00000582   Code   RO         3249    .text               ecdsa.o
    0x0802081a   0x00000002   PAD
    0x0802081c   0x00001338   Code   RO         3267    .text               mpi.o
    0x08021b54   0x00000386   Code   RO         3279    .text               asn1.o
    0x08021eda   0x00000002   PAD
    0x08021edc   0x000002d0   Code   RO         3291    .text               oid.o
    0x080221ac   0x00001354   Code   RO         3304    .text               x509.o
    0x08023500   0x00001048   Code   RO         3322    .text               pem.o
    0x08024548   0x000002ec   Code   RO         3334    .text               yarrow.o
    0x08024834   0x000000e0   Code   RO         3358    .text               port.o
    0x08024914   0x00000094   Code   RO         3384    .text               list.o
    0x080249a8   0x0000064a   Code   RO         3396    .text               queue.o
    0x08024ff2   0x00000002   PAD
    0x08024ff4   0x000012f8   Code   RO         3408    .text               tasks.o
    0x080262ec   0x0000002e   Code   RO         3436    .text               heap_3.o
    0x0802631a   0x00000002   PAD
    0x0802631c   0x000006a8   Code   RO         3451    .text               stm322xg_eval.o
    0x080269c4   0x00000ddc   Code   RO         3507    .text               stm322xg_eval_ioe.o
    0x080277a0   0x000012f8   Code   RO         3534    .text               stm322xg_eval_lcd.o
    0x08028a98   0x000000e0   Code   RO         3568    .text               misc.o
    0x08028b78   0x00000464   Code   RO         3592    .text               stm32f2xx_adc.o
    0x08028fdc   0x000003a8   Code   RO         3832    .text               stm32f2xx_dma.o
    0x08029384   0x0000011c   Code   RO         3856    .text               stm32f2xx_exti.o
    0x080294a0   0x00000608   Code   RO         3904    .text               stm32f2xx_fsmc.o
    0x08029aa8   0x0000024c   Code   RO         3928    .text               stm32f2xx_gpio.o
    0x08029cf4   0x00000428   Code   RO         4024    .text               stm32f2xx_i2c.o
    0x0802a11c   0x00000588   Code   RO         4096    .text               stm32f2xx_rcc.o
    0x0802a6a4   0x000000a0   Code   RO         4122    .text               stm32f2xx_rng.o
    0x0802a744   0x000001dc   Code   RO         4170    .text               stm32f2xx_sdio.o
    0x0802a920   0x0000008c   Code   RO         4218    .text               stm32f2xx_syscfg.o
    0x0802a9ac   0x0000041a   Code   RO         4266    .text               stm32f2xx_usart.o
    0x0802adc6   0x00000002   Code   RO         4313    .text               c_w.l(use_no_semi.o)
    0x0802adc8   0x00000010   Code   RO         4315    .text               c_w.l(rt_ctype_table.o)
    0x0802add8   0x0000005e   Code   RO         4321    .text               c_w.l(h1_alloc.o)
    0x0802ae36   0x0000004e   Code   RO         4323    .text               c_w.l(h1_free.o)
    0x0802ae84   0x0000001a   Code   RO         4379    .text               c_w.l(tolower.o)
    0x0802ae9e   0x0000001e   Code   RO         4381    .text               c_w.l(toupper.o)
    0x0802aebc   0x00000018   Code   RO         4383    .text               c_w.l(__2printf.o)
    0x0802aed4   0x00000014   Code   RO         4385    .text               c_w.l(__2fprintf.o)
    0x0802aee8   0x0000002c   Code   RO         4387    .text               c_w.l(__2sprintf.o)
    0x0802af14   0x0000004e   Code   RO         4397    .text               c_w.l(_printf_pad.o)
    0x0802af62   0x00000052   Code   RO         4399    .text               c_w.l(_printf_str.o)
    0x0802afb4   0x00000078   Code   RO         4401    .text               c_w.l(_printf_dec.o)
    0x0802b02c   0x00000058   Code   RO         4406    .text               c_w.l(_printf_hex_int.o)
    0x0802b084   0x00000138   Code   RO         4436    .text               c_w.l(__printf_flags_wp.o)
    0x0802b1bc   0x0000001a   Code   RO         4449    .text               c_w.l(atoi.o)
    0x0802b1d6   0x00000072   Code   RO         4451    .text               c_w.l(strtoul.o)
    0x0802b248   0x00000004   Code   RO         4453    .text               c_w.l(strtok_r.o)
    0x0802b24c   0x00000014   Code   RO         4455    .text               c_w.l(strchr.o)
    0x0802b260   0x00000058   Code   RO         4457    .text               c_w.l(memcmp.o)
    0x0802b2b8   0x00000048   Code   RO         4459    .text               c_w.l(strcpy.o)
    0x0802b300   0x00000032   Code   RO         4461    .text               c_w.l(strncasecmp.o)
    0x0802b332   0x0000002a   Code   RO         4463    .text               c_w.l(strcasecmp.o)
    0x0802b35c   0x00000016   Code   RO         4465    .text               c_w.l(strrchr.o)
    0x0802b372   0x0000003e   Code   RO         4467    .text               c_w.l(strlen.o)
    0x0802b3b0   0x00000096   Code   RO         4469    .text               c_w.l(strncmp.o)
    0x0802b446   0x00000018   Code   RO         4471    .text               c_w.l(strcat.o)
    0x0802b45e   0x0000008a   Code   RO         4473    .text               c_w.l(rt_memcpy_v6.o)
    0x0802b4e8   0x00000084   Code   RO         4475    .text               c_w.l(rt_memmove_v6.o)
    0x0802b56c   0x00000064   Code   RO         4477    .text               c_w.l(rt_memcpy_w.o)
    0x0802b5d0   0x00000010   Code   RO         4479    .text               c_w.l(aeabi_memset.o)
    0x0802b5e0   0x00000044   Code   RO         4481    .text               c_w.l(rt_memclr.o)
    0x0802b624   0x0000004e   Code   RO         4483    .text               c_w.l(rt_memclr_w.o)
    0x0802b672   0x00000056   Code   RO         4485    .text               c_w.l(strncpy.o)
    0x0802b6c8   0x00000080   Code   RO         4487    .text               c_w.l(strcmpv7m.o)
    0x0802b748   0x00000008   Code   RO         4507    .text               c_w.l(rt_heap_descriptor_intlibspace.o)
    0x0802b750   0x00000008   Code   RO         4512    .text               c_w.l(rt_locale_intlibspace.o)
    0x0802b758   0x00000008   Code   RO         4517    .text               c_w.l(rt_errno_addr_intlibspace.o)
    0x0802b760   0x00000004   Code   RO         4519    .text               c_w.l(hguard.o)
    0x0802b764   0x0000008a   Code   RO         4521    .text               c_w.l(init_alloc.o)
    0x0802b7ee   0x0000000e   Code   RO         4525    .text               c_w.l(h1_init.o)
    0x0802b7fc   0x000000b2   Code   RO         4539    .text               c_w.l(_printf_intcommon.o)
    0x0802b8ae   0x00000002   PAD
    0x0802b8b0   0x00000030   Code   RO         4541    .text               c_w.l(_printf_char_common.o)
    0x0802b8e0   0x0000000a   Code   RO         4543    .text               c_w.l(_sputc.o)
    0x0802b8ea   0x0000002c   Code   RO         4545    .text               c_w.l(_printf_char.o)
    0x0802b916   0x00000002   PAD
    0x0802b918   0x00000024   Code   RO         4547    .text               c_w.l(_printf_char_file.o)
    0x0802b93c   0x0000009e   Code   RO         4550    .text               c_w.l(_strtoul.o)
    0x0802b9da   0x00000070   Code   RO         4552    .text               c_w.l(strtol.o)
    0x0802ba4a   0x00000002   PAD
    0x0802ba4c   0x00000044   Code   RO         4557    .text               c_w.l(strtok_int.o)
    0x0802ba90   0x0000007a   Code   RO         4559    .text               c_w.l(rt_memmove_w.o)
    0x0802bb0a   0x00000034   Code   RO         4642    .text               c_w.l(h1_extend.o)
    0x0802bb3e   0x0000001c   Code   RO         4648    .text               c_w.l(_chval.o)
    0x0802bb5a   0x0000000e   Code   RO         4650    .text               c_w.l(defsig_rtmem_outer.o)
    0x0802bb68   0x00000020   Code   RO         4654    .text               c_w.l(strcspn.o)
    0x0802bb88   0x0000001c   Code   RO         4656    .text               c_w.l(strspn.o)
    0x0802bba4   0x00000012   Code   RO         4674    .text               c_w.l(exit.o)
    0x0802bbb6   0x0000000a   Code   RO         4676    .text               c_w.l(defsig_exit.o)
    0x0802bbc0   0x00000050   Code   RO         4678    .text               c_w.l(defsig_rtmem_inner.o)
    0x0802bc10   0x00000032   Code   RO         4700    .text               c_w.l(defsig_general.o)
    0x0802bc42   0x0000000e   Code   RO         4434    i._is_digit         c_w.l(__printf_wp.o)
    0x0802bc50   0x0000002c   Code   RO         4555    locale$$code        c_w.l(lc_ctype_c.o)
    0x0802bc7c   0x00000018   Code   RO         4608    x$fpl$dcmpinf       fz_ws.l(dcmpi.o)
    0x0802bc94   0x0000002e   Code   RO         4492    x$fpl$dflt          fz_ws.l(dflt_clz.o)
    0x0802bcc2   0x00000026   Code   RO         4491    x$fpl$dfltu         fz_ws.l(dflt_clz.o)
    0x0802bce8   0x00000078   Code   RO         4497    x$fpl$dleqf         fz_ws.l(dleqf.o)
    0x0802bd60   0x0000009c   Code   RO         4610    x$fpl$dnaninf       fz_ws.l(dnaninf.o)
    0x0802bdfc   0x0000006c   Code   RO         4499    x$fpl$drleqf        fz_ws.l(drleqf.o)
    0x0802be68   0x00000000   Code   RO         4612    x$fpl$usenofp       fz_ws.l(usenofp.o)
    0x0802be68   0x00030f64   Data   RO          587    .constdata          res.o
    0x0805cdcc   0x0000000c   Data   RO          636    .constdata          ext_int_driver.o
    0x0805cdd8   0x000000d2   Data   RO          807    .constdata          date_time.o
    0x0805ceaa   0x00000002   PAD
    0x0805ceac   0x00000040   Data   RO         1007    .constdata          stm32f2x7_eth.o
    0x0805ceec   0x00000014   Data   RO         1039    .constdata          dp83848.o
    0x0805cf00   0x00000054   Data   RO         1141    .constdata          ethernet.o
    0x0805cf54   0x00000060   Data   RO         1572    .constdata          ipv6.o
    0x0805cfb4   0x00000028   Data   RO         1953    .constdata          ip.o
    0x0805cfdc   0x00000007   Data   RO         2254    .constdata          dhcp_client.o
    0x0805cfe3   0x00000115   Data   RO         2354    .constdata          http_server.o
    0x0805d0f8   0x000001f0   Data   RO         2388    .constdata          http_server_misc.o
    0x0805d2e8   0x00000191   Data   RO         2402    .constdata          mime.o
    0x0805d479   0x00000003   PAD
    0x0805d47c   0x00000adc   Data   RO         2538    .constdata          tls_cipher_suites.o
    0x0805df58   0x00000060   Data   RO         2749    .constdata          ssl_common.o
    0x0805dfb8   0x000000c0   Data   RO         2767    .constdata          base64.o
    0x0805e078   0x00000170   Data   RO         2781    .constdata          md5.o
    0x0805e1e8   0x00000080   Data   RO         2800    .constdata          sha1.o
    0x0805e268   0x00000034   Data   RO         2819    .constdata          sha224.o
    0x0805e29c   0x00000174   Data   RO         2838    .constdata          sha256.o
    0x0805e410   0x00000034   Data   RO         2857    .constdata          sha384.o
    0x0805e444   0x00000004   PAD
    0x0805e448   0x00000334   Data   RO         2876    .constdata          sha512.o
    0x0805e77c   0x00000024   Data   RO         2913    .constdata          rc4.o
    0x0805e7a0   0x00000824   Data   RO         2951    .constdata          des.o
    0x0805efc4   0x00000024   Data   RO         2970    .constdata          des3.o
    0x0805efe8   0x00000a50   Data   RO         2993    .constdata          aes.o
    0x0805fa38   0x00000544   Data   RO         3012    .constdata          camellia.o
    0x0805ff7c   0x00000062   Data   RO         3162    .constdata          rsa.o
    0x0805ffde   0x00000056   Data   RO         3183    .constdata          dsa.o
    0x08060034   0x00000007   Data   RO         3201    .constdata          ec.o
    0x0806003b   0x00000001   PAD
    0x0806003c   0x00002770   Data   RO         3219    .constdata          ec_curves.o
    0x080627ac   0x0000004b   Data   RO         3250    .constdata          ecdsa.o
    0x080627f7   0x0000005a   Data   RO         3305    .constdata          x509.o
    0x08062851   0x00000003   PAD
    0x08062854   0x0000001c   Data   RO         3335    .constdata          yarrow.o
    0x08062870   0x00000050   Data   RO         3453    .constdata          stm322xg_eval.o
    0x080628c0   0x000029d0   Data   RO         3535    .constdata          stm322xg_eval_lcd.o
    0x08065290   0x00000028   Data   RO         4407    .constdata          c_w.l(_printf_hex_int.o)
    0x080652b8   0x00000011   Data   RO         4437    .constdata          c_w.l(__printf_flags_wp.o)
    0x080652c9   0x00000003   PAD
    0x080652cc   0x00000060   Data   RO         2255    .conststring        dhcp_client.o
    0x0806532c   0x000003cd   Data   RO         2403    .conststring        mime.o
    0x080656f9   0x00000003   PAD
    0x080656fc   0x00000b4d   Data   RO         2539    .conststring        tls_cipher_suites.o
    0x08066249   0x00000003   PAD
    0x0806624c   0x00000028   Data   RO         2723    .conststring        tls_misc.o
    0x08066274   0x00000004   Data   RO         2782    .conststring        md5.o
    0x08066278   0x00000006   Data   RO         2801    .conststring        sha1.o
    0x0806627e   0x00000002   PAD
    0x08066280   0x00000008   Data   RO         2820    .conststring        sha224.o
    0x08066288   0x00000008   Data   RO         2839    .conststring        sha256.o
    0x08066290   0x00000008   Data   RO         2858    .conststring        sha384.o
    0x08066298   0x00000008   Data   RO         2877    .conststring        sha512.o
    0x080662a0   0x00000004   Data   RO         2914    .conststring        rc4.o
    0x080662a4   0x00000004   Data   RO         2952    .conststring        des.o
    0x080662a8   0x00000005   Data   RO         2971    .conststring        des3.o
    0x080662ad   0x00000003   PAD
    0x080662b0   0x00000004   Data   RO         2994    .conststring        aes.o
    0x080662b4   0x00000009   Data   RO         3013    .conststring        camellia.o
    0x080662bd   0x00000003   PAD
    0x080662c0   0x00000122   Data   RO         3220    .conststring        ec_curves.o
    0x080663e2   0x00000002   PAD
    0x080663e4   0x00000007   Data   RO         3336    .conststring        yarrow.o
    0x080663eb   0x00000001   PAD
    0x080663ec   0x00000020   Data   RO         4750    Region$$Table       anon$$obj.o
    0x0806640c   0x00000110   Data   RO         4554    locale$$data        c_w.l(lc_ctype_c.o)


    Execution Region RW_IRAM1 (Base: 0x20000000, Size: 0x0000b8b0, Max: 0x0001f000, ABSOLUTE, COMPRESSED[0x00000088])

    Base Addr    Size         Type   Attr      Idx    E Section Name        Object

    0x20000000   0x00000014   Data   RW           15    .data               system_stm32f2xx.o
    0x20000014   0x0000000c   Data   RW          171    .data               retarget.o
    0x20000020   0x00000018   Data   RW          200    .data               main.o
    0x20000038   0x0000001c   Data   RW          882    .data               net.o
    0x20000054   0x0000000c   Data   RW         1008    .data               stm32f2x7_eth.o
    0x20000060   0x00000004   Data   RW         1057    .data               nic.o
    0x20000064   0x00000004   Data   RW         1239    .data               arp.o
    0x20000068   0x00000004   Data   RW         1446    .data               ipv4_frag.o
    0x2000006c   0x00000004   Data   RW         1553    .data               igmp.o
    0x20000070   0x00000004   Data   RW         1683    .data               ipv6_frag.o
    0x20000074   0x00000004   Data   RW         1816    .data               mld.o
    0x20000078   0x00000004   Data   RW         1834    .data               ndp.o
    0x2000007c   0x00000001   Data   RW         1954    .data               ip.o
    0x2000007d   0x00000003   PAD
    0x20000080   0x00000006   Data   RW         2000    .data               tcp.o
    0x20000086   0x00000002   PAD
    0x20000088   0x00000008   Data   RW         2066    .data               udp.o
    0x20000090   0x00000004   Data   RW         2146    .data               dns_cache.o
    0x20000094   0x00000028   Data   RW         2256    .data               dhcp_client.o
    0x200000bc   0x00000014   Data   RW         2724    .data               tls_misc.o
    0x200000d0   0x00000004   Data   RW         3359    .data               port.o
    0x200000d4   0x0000003c   Data   RW         3410    .data               tasks.o
    0x20000110   0x0000002c   Data   RW         3454    .data               stm322xg_eval.o
    0x2000013c   0x00000014   Data   RW         3508    .data               stm322xg_eval_ioe.o
    0x20000150   0x00000028   Data   RW         3536    .data               stm322xg_eval_lcd.o
    0x20000178   0x00000010   Data   RW         4097    .data               stm32f2xx_rcc.o
    0x20000188   0x00001fc8   Zero   RW          199    .bss                main.o
    0x20002150   0x00000040   Zero   RW          806    .bss                date_time.o
    0x20002190   0x00000c34   Zero   RW          881    .bss                net.o
    0x20002dc4   0x00003720   Zero   RW         1006    .bss                stm32f2x7_eth.o
    0x200064e4   0x0000002a   Zero   RW         1140    .bss                ethernet.o
    0x2000650e   0x00000010   Zero   RW         1356    .bss                ipv4.o
    0x2000651e   0x00000028   Zero   RW         1571    .bss                ipv6.o
    0x20006546   0x00000002   PAD
    0x20006548   0x000000a0   Zero   RW         2065    .bss                udp.o
    0x200065e8   0x00004980   Zero   RW         2096    .bss                socket.o
    0x2000af68   0x000003a0   Zero   RW         2145    .bss                dns_cache.o
    0x2000b308   0x00000040   Zero   RW         3292    .bss                oid.o
    0x2000b348   0x000000c8   Zero   RW         3409    .bss                tasks.o
    0x2000b410   0x0000003c   Zero   RW         3452    .bss                stm322xg_eval.o
    0x2000b44c   0x00000060   Zero   RW         4616    .bss                c_w.l(libspace.o)
    0x2000b4ac   0x00000004   PAD
    0x2000b4b0   0x00000400   Zero   RW            3    STACK               startup_stm32f2xx.o


    Execution Region ARM_LIB_STACK (Base: 0x2001f000, Size: 0x00001000, Max: 0x00001000, ABSOLUTE)

    Base Addr    Size         Type   Attr      Idx    E Section Name        Object

    0x2001f000   0x00001000   Zero   RW            1    ARM_LIB_STACK.bss   anon$$obj.o


    Execution Region ARM_LIB_HEAP (Base: 0x64100000, Size: 0x00100000, Max: 0x00100000, ABSOLUTE)

    Base Addr    Size         Type   Attr      Idx    E Section Name        Object

    0x64100000   0x00100000   Zero   RW            2    ARM_LIB_HEAP.bss    anon$$obj.o


==============================================================================

Image component sizes


      Code (inc. data)   RO Data    RW Data    ZI Data      Debug   Object Name

      2604         32       2644          0          0       3730   aes.o
      1820         12          0          4          0      31828   arp.o
       902          0          0          0          0       4153   asn1.o
       480         10        192          0          0       2204   base64.o
      1948         46       1357          0          0       4994   camellia.o
       202          0          0          0          0       2032   cipher_mode_cbc.o
      1166          0          0          0          0       3866   cipher_mode_ccm.o
      1284          0          0          0          0       4199   cipher_mode_gcm.o
       840        138        210          0         64       4165   date_time.o
       304         32          0          0          0       2924   debug.o
      1676         34       2088          0          0       5602   des.o
       228          0         41          0          0       2954   des3.o
       386          0          0          0          0       2573   dh.o
      4072        416        103         40          0      25016   dhcp_client.o
       174          0          0          0          0       1806   dhcp_common.o
       484          6          0          4        928       3917   dns_cache.o
      1516        214          0          0          0       3621   dns_client.o
       754          0          0          0          0       3858   dns_common.o
         0          0          0          0          0        948   dns_debug.o
       424         44         20          0          0       3151   dp83848.o
      1484          0         86          0          0       6201   dsa.o
      4550          0          7          0          0      10955   ec.o
      3816        178      10386          0          0      10930   ec_curves.o
       424          0          0          0          0       2579   ecdh.o
      1410          0         75          0          0       5529   ecdsa.o
       584          6          0          0          0       1653   endian.o
      1556        100         84          0         42      22766   ethernet.o
       340         26         12          0          0      61797   ext_int_driver.o
        46          0          0          0          0        805   heap_3.o
       350          0          0          0          0       3024   hmac.o
      2624        536        277          0          0       6437   http_server.o
       248         12          0          0          0       2405   http_server_auth.o
      2448        602        496          0          0       6837   http_server_misc.o
       584          0          0          0          0       3662   icmp.o
      1094          4          0          0          0       5713   icmpv6.o
      1312        202          0          4          0       6432   igmp.o
       948         14         40          1          0       6417   ip.o
      2520         36          0          0         16      32327   ipv4.o
      1158          0          0          4          0      22900   ipv4_frag.o
      4096         40         96          0         40      36846   ipv6.o
      1394          0          0          4          0      23367   ipv6_frag.o
      2280         30          0          0          0      11133   ipv6_misc.o
        68          0          0          0          0       1559   ipv6_pmtu.o
       212         48          0          0          0       2399   lis302dl.o
       148          0          0          0          0       1930   list.o
      4628       1610          0         24       8136     117213   main.o
      2612         16        372          0          0       4286   md5.o
        80          8       1374          0          0       1442   mime.o
       224         20          0          0          0       1961   misc.o
      1212         92          0          4          0       6263   mld.o
      4920         18          0          0          0      17203   mpi.o
       724         10          0          0          0       2816   nbns_client.o
       680          0          0          0          0       3679   nbns_common.o
       390          0          0          0          0       2408   nbns_responder.o
      4852        760          0          4          0      23711   ndp.o
       752          6          0          0          0       4112   ndp_cache.o
      1200         10          0          0          0       5607   ndp_misc.o
      2400        146          0         28       3124      23708   net.o
      1312         32          0          0          0       6133   net_mem.o
       772        240          0          4          0      21151   nic.o
       720         16          0          0         64       3991   oid.o
       572          0          0          0          0       6417   os_port_freertos.o
       936         12          0          0          0       3837   path.o
      4168        430          0          0          0       7700   pem.o
       386         30          0          4          0       4575   port.o
      1610          0          0          0          0      10125   queue.o
       184          0         40          0          0       2276   rc4.o
         0          0     200548          0          0        418   res.o
       588          6          0          0          0       2485   resource_manager.o
        40          6          0         12          0       2744   retarget.o
      1922          0         98          0          0      11095   rsa.o
       728         22        134          0          0       3672   sha1.o
       184         32         60          0          0       2685   sha224.o
       812         42        380          0          0       4084   sha256.o
       256         66         60          0          0       2685   sha384.o
      1388         74        828          0          0       4096   sha512.o
      1628        262          0          0          0       4800   slaac.o
      2688        370          0          0          0      30971   smtp_client.o
      1888         22          0          0      18816      14515   socket.o
      1912        302          0          0          0      11887   ssi.o
       408         18         96          0          0       2775   ssl_common.o
        44         10        388          0       1024        812   startup_stm32f2xx.o
      1704        140         80         44         60       6281   stm322xg_eval.o
      3548         94          0         20          0      11735   stm322xg_eval_ioe.o
      4856         62      10704         40          0      14872   stm322xg_eval_lcd.o
      2020        184         64         12      14112      32937   stm32f2x7_eth.o
      1124         24          0          0          0      10638   stm32f2xx_adc.o
       936         32          0          0          0       6485   stm32f2xx_dma.o
       284         10          0          0          0       2411   stm32f2xx_exti.o
      1544         14          0          0          0       5535   stm32f2xx_fsmc.o
       588         36          0          0          0       4133   stm32f2xx_gpio.o
      1064         26          0          0          0       8243   stm32f2xx_i2c.o
        20          0          0          0          0        939   stm32f2xx_it.o
      1416         48          0         16          0      11155   stm32f2xx_rcc.o
       160          4          0          0          0       1768   stm32f2xx_rng.o
       476         16          0          0          0       7316   stm32f2xx_sdio.o
       140         12          0          0          0       1587   stm32f2xx_syscfg.o
      1050         26          0          0          0       7852   stm32f2xx_usart.o
       238          0          0          0          0       2195   str.o
       788        102          0         20          0     294583   system_stm32f2xx.o
      4856        282          0         60        200      21878   tasks.o
      2084         60          0          6          0      12178   tcp.o
      2452         16          0          0          0       7011   tcp_fsm.o
      4860         18          0          0          0      14063   tcp_misc.o
       720          4          0          0          0       2713   tcp_timer.o
      1682          0          0          0          0      13200   tls.o
       588          4          0          0          0       2919   tls_cache.o
       160         14       5673          0          0      21376   tls_cipher_suites.o
      5612        568          0          0          0       9761   tls_client.o
      2546        414          0          0          0       7598   tls_common.o
        94          0          0          0          0       1515   tls_io.o
      5432        320         40         20          0      18300   tls_misc.o
      2104          0          0          0          0       4997   tls_record.o
      5632        464          0          0          0       9960   tls_server.o
      1604         28          0          8        160       7997   udp.o
      4948        174         90          0          0      20704   x509.o
       748          0         35          0          0       5069   yarrow.o

    ----------------------------------------------------------------------
    174886      10702     239340        392    1099460    1406386   Object Totals
         0          0         32          0    1052672          0   (incl. Generated)
        30          0         30          5          2          0   (incl. Padding)

    ----------------------------------------------------------------------

      Code (inc. data)   RO Data    RW Data    ZI Data      Debug   Library Member Name

        20          0          0          0          0         84   __2fprintf.o
        24          4          0          0          0         84   __2printf.o
        44          6          0          0          0         84   __2sprintf.o
        90          0          0          0          0          0   __dczerorl2.o
         8          0          0          0          0         68   __main.o
       312          4         17          0          0         92   __printf_flags_wp.o
        14          0          0          0          0         68   __printf_wp.o
         0          0          0          0          0          0   __rtentry.o
        12          0          0          0          0          0   __rtentry2.o
         8          4          0          0          0          0   __rtentry7.o
        52          8          0          0          0          0   __scatter.o
        28          0          0          0          0          0   __scatter_zi.o
        28          0          0          0          0         68   _chval.o
        44          0          0          0          0        108   _printf_char.o
        48          6          0          0          0         96   _printf_char_common.o
        36          4          0          0          0         80   _printf_char_file.o
         6          0          0          0          0          0   _printf_d.o
       120         16          0          0          0         92   _printf_dec.o
        88          4         40          0          0         88   _printf_hex_int.o
       178          0          0          0          0         88   _printf_intcommon.o
        78          0          0          0          0        108   _printf_pad.o
         0          0          0          0          0          0   _printf_percent.o
         4          0          0          0          0          0   _printf_percent_end.o
         6          0          0          0          0          0   _printf_s.o
        82          0          0          0          0         80   _printf_str.o
         6          0          0          0          0          0   _printf_u.o
         6          0          0          0          0          0   _printf_x.o
        10          0          0          0          0         68   _sputc.o
       158          0          0          0          0         92   _strtoul.o
        16          0          0          0          0         68   aeabi_memset.o
        26          0          0          0          0         80   atoi.o
        10          0          0          0          0         68   defsig_exit.o
        50          0          0          0          0         88   defsig_general.o
        80         58          0          0          0         76   defsig_rtmem_inner.o
        14          0          0          0          0         80   defsig_rtmem_outer.o
        18          0          0          0          0         80   exit.o
        94          0          0          0          0         80   h1_alloc.o
        52          0          0          0          0         68   h1_extend.o
        78          0          0          0          0         80   h1_free.o
        14          0          0          0          0         84   h1_init.o
         4          0          0          0          0        136   hguard.o
       138          0          0          0          0        168   init_alloc.o
        44         10        272          0          0         76   lc_ctype_c.o
         2          0          0          0          0          0   libinit.o
        20          0          0          0          0          0   libinit2.o
        16          8          0          0          0          0   libinit5.o
         2          0          0          0          0          0   libshutdown.o
         2          0          0          0          0          0   libshutdown2.o
         0          0          0          0         96          0   libspace.o
         0          0          0          0          0          0   maybetermalloc1.o
        88          0          0          0          0         76   memcmp.o
        16          4          0          0          0         76   rt_ctype_table.o
         8          4          0          0          0         68   rt_errno_addr_intlibspace.o
         8          4          0          0          0         68   rt_heap_descriptor_intlibspace.o
         8          4          0          0          0         68   rt_locale_intlibspace.o
        68          0          0          0          0         68   rt_memclr.o
        78          0          0          0          0         80   rt_memclr_w.o
       138          0          0          0          0         68   rt_memcpy_v6.o
       100          0          0          0          0         80   rt_memcpy_w.o
       132          0          0          0          0         68   rt_memmove_v6.o
       122          0          0          0          0         80   rt_memmove_w.o
         2          0          0          0          0          0   rtexit.o
        10          0          0          0          0          0   rtexit2.o
        42          0          0          0          0         84   strcasecmp.o
        24          0          0          0          0         68   strcat.o
        20          0          0          0          0         68   strchr.o
       128          0          0          0          0         68   strcmpv7m.o
        72          0          0          0          0         80   strcpy.o
        32          0          0          0          0         80   strcspn.o
        62          0          0          0          0         76   strlen.o
        50          0          0          0          0         84   strncasecmp.o
       150          0          0          0          0         80   strncmp.o
        86          0          0          0          0         76   strncpy.o
        22          0          0          0          0         68   strrchr.o
        28          0          0          0          0         80   strspn.o
        68          4          0          0          0         84   strtok_int.o
         4          0          0          0          0         68   strtok_r.o
       112          0          0          0          0         88   strtol.o
       114          0          0          0          0         92   strtoul.o
        26          0          0          0          0         76   tolower.o
        30          0          0          0          0         76   toupper.o
         2          0          0          0          0         68   use_no_semi.o
        24          0          0          0          0         68   dcmpi.o
        84          0          0          0          0        136   dflt_clz.o
       120          4          0          0          0         92   dleqf.o
       156          4          0          0          0         92   dnaninf.o
       108          0          0          0          0         80   drleqf.o
         0          0          0          0          0          0   usenofp.o

    ----------------------------------------------------------------------
      4542        160        332          0        100       5412   Library Totals
        10          0          3          0          4          0   (incl. Padding)

    ----------------------------------------------------------------------

      Code (inc. data)   RO Data    RW Data    ZI Data      Debug   Library Name

      4040        152        329          0         96       4944   c_w.l
       492          8          0          0          0        468   fz_ws.l

    ----------------------------------------------------------------------
      4542        160        332          0        100       5412   Library Totals

    ----------------------------------------------------------------------

==============================================================================


      Code (inc. data)   RO Data    RW Data    ZI Data      Debug   

    179428      10862     239672        392    1099560    1398378   Grand Totals
    179428      10862     239672        136    1099560    1398378   ELF Image Totals (compressed)
    179428      10862     239672        136          0          0   ROM Totals

==============================================================================

    Total RO  Size (Code + RO Data)               419100 ( 409.28kB)
    Total RW  Size (RW Data + ZI Data)           1099952 (1074.17kB)
    Total ROM Size (Code + RO Data + RW Data)     419236 ( 409.41kB)

==============================================================================

